// Jest Snapshot v1, https://goo.gl/fbAQLP

exports[`BackButton renders correctly for second screen in stack 1`] = `
<View
  accessibilityRole="button"
  accessibilityState={
    {
      "busy": undefined,
      "checked": undefined,
      "disabled": undefined,
      "expanded": undefined,
      "selected": undefined,
    }
  }
  accessibilityValue={
    {
      "max": undefined,
      "min": undefined,
      "now": undefined,
      "text": undefined,
    }
  }
  accessible={true}
  collapsable={false}
  focusable={true}
  onClick={[Function]}
  onLayout={[Function]}
  onResponderGrant={[Function]}
  onResponderMove={[Function]}
  onResponderRelease={[Function]}
  onResponderTerminate={[Function]}
  onResponderTerminationRequest={[Function]}
  onStartShouldSetResponder={[Function]}
  style={
    {
      "alignItems": "center",
      "backgroundColor": "transparent",
      "borderRadius": 999,
      "flexDirection": "row",
      "justifyContent": "center",
      "minWidth": undefined,
      "opacity": 1,
      "paddingHorizontal": undefined,
      "paddingVertical": undefined,
    }
  }
  testID="nav-back-button"
>
  <Ionicons
    color="black"
    name="arrow-back"
    size={24}
  />
</View>
`;
