// Jest Snapshot v1, https://goo.gl/fbAQLP

exports[`renders correctly 1`] = `
<Text
  style={
    [
      {
        "backgroundColor": "transparent",
        "color": "#20303C",
        "writingDirection": "ltr",
      },
      undefined,
      undefined,
      undefined,
      undefined,
      undefined,
      undefined,
      undefined,
      undefined,
      undefined,
    ]
  }
  testID="text"
>
  Snapshot test?
</Text>
`;
